.next/dev/types/validator.ts(108,31): error TS2344: Type 'typeof import("C:/Users/PAVITRA/OneDrive/Desktop/nyayasetu/src/app/api/incidents/[id]/route")' does not satisfy the constraint 'RouteHandlerConfig<"/api/incidents/[id]">'.
  Types of property 'GET' are incompatible.
    Type '(request: Request, { params }: { params: { id: string; }; }) => Promise<NextResponse<{ id: string; description: string; status: string; analysis: string; caseId: string | null; category: string | null; priority: string | null; ... 8 more ...; updatedAt: Date; }> | NextResponse<...>>' is not assignable to type '(request: NextRequest, context: { params: Promise<{ id: string; }>; }) => void | Response | Promise<void | Response>'.
      Types of parameters '__1' and 'context' are incompatible.
        Type '{ params: Promise<{ id: string; }>; }' is not assignable to type '{ params: { id: string; }; }'.
          Types of property 'params' are incompatible.
            Property 'id' is missing in type 'Promise<{ id: string; }>' but required in type '{ id: string; }'.
.next/types/validator.ts(108,31): error TS2344: Type 'typeof import("C:/Users/PAVITRA/OneDrive/Desktop/nyayasetu/src/app/api/incidents/[id]/route")' does not satisfy the constraint 'RouteHandlerConfig<"/api/incidents/[id]">'.
  Types of property 'GET' are incompatible.
    Type '(request: Request, { params }: { params: { id: string; }; }) => Promise<NextResponse<{ id: string; description: string; status: string; analysis: string; caseId: string | null; category: string | null; priority: string | null; ... 8 more ...; updatedAt: Date; }> | NextResponse<...>>' is not assignable to type '(request: NextRequest, context: { params: Promise<{ id: string; }>; }) => void | Response | Promise<void | Response>'.
      Types of parameters '__1' and 'context' are incompatible.
        Type '{ params: Promise<{ id: string; }>; }' is not assignable to type '{ params: { id: string; }; }'.
          Types of property 'params' are incompatible.
            Property 'id' is missing in type 'Promise<{ id: string; }>' but required in type '{ id: string; }'.
